[    0.000000] Linux version 4.15.0-163-generic (buildd@lcy01-amd64-021) (gcc version 7.5.0 (Ubuntu 7.5.0-3ubuntu1~18.04)) #171-Ubuntu SMP Fri Nov 5 11:55:11 UTC 2021 (Ubuntu 4.15.0-163.171-generic 4.15.18)
[    0.000000] Command line: BOOT_IMAGE=/boot/vmlinuz-4.15.0-163-generic root=LABEL=cloudimg-rootfs ro console=tty1 console=ttyS0
[    0.000000] KERNEL supported cpus:
[    0.000000]   Intel GenuineIntel
[    0.000000]   AMD AuthenticAMD
[    0.000000]   Centaur CentaurHauls
[    0.000000] x86/fpu: Supporting XSAVE feature 0x001: 'x87 floating point registers'
[    0.000000] x86/fpu: Supporting XSAVE feature 0x002: 'SSE registers'
[    0.000000] x86/fpu: Supporting XSAVE feature 0x004: 'AVX registers'
[    0.000000] x86/fpu: xstate_offset[2]:  576, xstate_sizes[2]:  256
[    0.000000] x86/fpu: Enabled xstate features 0x7, context size is 832 bytes, using 'standard' format.
[    0.000000] e820: BIOS-provided physical RAM map:
[    0.000000] BIOS-e820: [mem 0x0000000000000000-0x000000000009fbff] usable
[    0.000000] BIOS-e820: [mem 0x000000000009fc00-0x000000000009ffff] reserved
[    0.000000] BIOS-e820: [mem 0x00000000000f0000-0x00000000000fffff] reserved
[    0.000000] BIOS-e820: [mem 0x0000000000100000-0x000000000ffeffff] usable
[    0.000000] BIOS-e820: [mem 0x000000000fff0000-0x000000000fffffff] ACPI data
[    0.000000] BIOS-e820: [mem 0x00000000fec00000-0x00000000fec00fff] reserved
[    0.000000] BIOS-e820: [mem 0x00000000fee00000-0x00000000fee00fff] reserved
[    0.000000] BIOS-e820: [mem 0x00000000fffc0000-0x00000000ffffffff] reserved
[    0.000000] NX (Execute Disable) protection: active
[    0.000000] SMBIOS 2.5 present.
[    0.000000] DMI: innotek GmbH VirtualBox/VirtualBox, BIOS VirtualBox 12/01/2006
[    0.000000] Hypervisor detected: KVM
[    0.000000] e820: last_pfn = 0xfff0 max_arch_pfn = 0x400000000
[    0.000000] MTRR: Disabled
[    0.000000] x86/PAT: MTRRs disabled, skipping PAT initialization too.
[    0.000000] CPU MTRRs all blank - virtualized system.
[    0.000000] x86/PAT: Configuration [0-7]: WB  WT  UC- UC  WB  WT  UC- UC  
[    0.000000] found SMP MP-table at [mem 0x0009fff0-0x0009ffff]
[    0.000000] Scanning 1 areas for low memory corruption
[    0.000000] RAMDISK: [mem 0x0daf7000-0x0ee07fff]
[    0.000000] ACPI: Early table checksum verification disabled
[    0.000000] ACPI: RSDP 0x00000000000E0000 000024 (v02 VBOX  )
[    0.000000] ACPI: XSDT 0x000000000FFF0030 00003C (v01 VBOX   VBOXXSDT 00000001 ASL  00000061)
[    0.000000] ACPI: FACP 0x000000000FFF00F0 0000F4 (v04 VBOX   VBOXFACP 00000001 ASL  00000061)
[    0.000000] ACPI: DSDT 0x000000000FFF0470 002325 (v02 VBOX   VBOXBIOS 00000002 INTL 20100528)
[    0.000000] ACPI: FACS 0x000000000FFF0200 000040
[    0.000000] ACPI: FACS 0x000000000FFF0200 000040
[    0.000000] ACPI: APIC 0x000000000FFF0240 000054 (v02 VBOX   VBOXAPIC 00000001 ASL  00000061)
[    0.000000] ACPI: SSDT 0x000000000FFF02A0 0001CC (v01 VBOX   VBOXCPUT 00000002 INTL 20100528)
[    0.000000] ACPI: Reserving FACP table memory at [mem 0xfff00f0-0xfff01e3]
[    0.000000] ACPI: Reserving DSDT table memory at [mem 0xfff0470-0xfff2794]
[    0.000000] ACPI: Reserving FACS table memory at [mem 0xfff0200-0xfff023f]
[    0.000000] ACPI: Reserving FACS table memory at [mem 0xfff0200-0xfff023f]
[    0.000000] ACPI: Reserving APIC table memory at [mem 0xfff0240-0xfff0293]
[    0.000000] ACPI: Reserving SSDT table memory at [mem 0xfff02a0-0xfff046b]
[    0.000000] No NUMA configuration found
[    0.000000] Faking a node at [mem 0x0000000000000000-0x000000000ffeffff]
[    0.000000] NODE_DATA(0) allocated [mem 0x0ffc5000-0x0ffeffff]
[    0.000000] kvm-clock: cpu 0, msr 0:ff44001, primary cpu clock
[    0.000000] kvm-clock: Using msrs 4b564d01 and 4b564d00
[    0.000000] kvm-clock: using sched offset of 4778969885 cycles
[    0.000000] clocksource: kvm-clock: mask: 0xffffffffffffffff max_cycles: 0x1cd42e4dffb, max_idle_ns: 881590591483 ns
[    0.000000] Zone ranges:
[    0.000000]   DMA      [mem 0x0000000000001000-0x0000000000ffffff]
[    0.000000]   DMA32    [mem 0x0000000001000000-0x000000000ffeffff]
[    0.000000]   Normal   empty
[    0.000000]   Device   empty
[    0.000000] Movable zone start for each node
[    0.000000] Early memory node ranges
[    0.000000]   node   0: [mem 0x0000000000001000-0x000000000009efff]
[    0.000000]   node   0: [mem 0x0000000000100000-0x000000000ffeffff]
[    0.000000] Reserved but unavailable: 104 pages
[    0.000000] Initmem setup node 0 [mem 0x0000000000001000-0x000000000ffeffff]
[    0.000000] ACPI: PM-Timer IO Port: 0x4008
[    0.000000] IOAPIC[0]: apic_id 1, version 32, address 0xfec00000, GSI 0-23
[    0.000000] ACPI: INT_SRC_OVR (bus 0 bus_irq 0 global_irq 2 dfl dfl)
[    0.000000] ACPI: INT_SRC_OVR (bus 0 bus_irq 9 global_irq 9 low level)
[    0.000000] Using ACPI (MADT) for SMP configuration information
[    0.000000] smpboot: Allowing 1 CPUs, 0 hotplug CPUs
[    0.000000] PM: Registered nosave memory: [mem 0x00000000-0x00000fff]
[    0.000000] PM: Registered nosave memory: [mem 0x0009f000-0x0009ffff]
[    0.000000] PM: Registered nosave memory: [mem 0x000a0000-0x000effff]
[    0.000000] PM: Registered nosave memory: [mem 0x000f0000-0x000fffff]
[    0.000000] e820: [mem 0x10000000-0xfebfffff] available for PCI devices
[    0.000000] Booting paravirtualized kernel on KVM
[    0.000000] clocksource: refined-jiffies: mask: 0xffffffff max_cycles: 0xffffffff, max_idle_ns: 7645519600211568 ns
[    0.000000] random: get_random_bytes called from start_kernel+0x99/0x500 with crng_init=0
[    0.000000] setup_percpu: NR_CPUS:8192 nr_cpumask_bits:1 nr_cpu_ids:1 nr_node_ids:1
[    0.000000] percpu: Embedded 45 pages/cpu s147456 r8192 d28672 u2097152
[    0.000000] PV qspinlock hash table entries: 256 (order: 0, 4096 bytes)
[    0.000000] Built 1 zonelists, mobility grouping on.  Total pages: 64377
[    0.000000] Policy zone: DMA32
[    0.000000] Kernel command line: BOOT_IMAGE=/boot/vmlinuz-4.15.0-163-generic root=LABEL=cloudimg-rootfs ro console=tty1 console=ttyS0
[    0.000000] Memory: 208748K/261688K available (12300K kernel code, 2483K rwdata, 4320K rodata, 2448K init, 2724K bss, 52940K reserved, 0K cma-reserved)
[    0.000000] SLUB: HWalign=64, Order=0-3, MinObjects=0, CPUs=1, Nodes=1
[    0.000000] Kernel/User page tables isolation: enabled
[    0.000000] ftrace: allocating 39476 entries in 155 pages
[    0.004000] Hierarchical RCU implementation.
[    0.004000] 	RCU restricting CPUs from NR_CPUS=8192 to nr_cpu_ids=1.
[    0.004000] 	Tasks RCU enabled.
[    0.004000] RCU: Adjusting geometry for rcu_fanout_leaf=16, nr_cpu_ids=1
[    0.004000] NR_IRQS: 524544, nr_irqs: 256, preallocated irqs: 16
[    0.004000] Console: colour VGA+ 80x25
[    0.004000] console [tty1] enabled
[    0.004000] console [ttyS0] enabled
[    0.004000] ACPI: Core revision 20170831
[    0.004000] ACPI: 2 ACPI AML tables successfully acquired and loaded
[    0.004000] APIC: Switch to symmetric I/O mode setup
[    0.004000] x2apic enabled
[    0.004000] Switched APIC routing to physical x2apic.
[    0.006158] ..TIMER: vector=0x30 apic1=0 pin1=2 apic2=-1 pin2=-1
[    0.008004] tsc: Detected 2904.000 MHz processor
[    0.008961] Calibrating delay loop (skipped) preset value.. 5808.00 BogoMIPS (lpj=11616000)
[    0.009614] pid_max: default: 32768 minimum: 301
[    0.010593] Security Framework initialized
[    0.012003] Yama: becoming mindful.
[    0.012747] AppArmor: AppArmor initialized
[    0.013763] Dentry cache hash table entries: 32768 (order: 6, 262144 bytes)
[    0.015131] Inode-cache hash table entries: 16384 (order: 5, 131072 bytes)
[    0.016012] Mount-cache hash table entries: 512 (order: 0, 4096 bytes)
[    0.017354] Mountpoint-cache hash table entries: 512 (order: 0, 4096 bytes)
[    0.020340] process: using mwait in idle threads
[    0.022350] Last level iTLB entries: 4KB 64, 2MB 8, 4MB 8
[    0.024005] Last level dTLB entries: 4KB 64, 2MB 0, 4MB 0, 1GB 4
[    0.026920] Spectre V1 : Mitigation: usercopy/swapgs barriers and __user pointer sanitization
[    0.028006] Spectre V2 : Mitigation: Full generic retpoline
[    0.032004] Spectre V2 : Spectre v2 / SpectreRSB mitigation: Filling RSB on context switch
[    0.036007] Speculative Store Bypass: Vulnerable
[    0.040111] SRBDS: Unknown: Dependent on hypervisor status
[    0.043297] MDS: Mitigation: Clear CPU buffers
[    0.081465] Freeing SMP alternatives memory: 36K
[    0.195213] smpboot: CPU0: Intel(R) Core(TM) i7-7500U CPU @ 2.70GHz (family: 0x6, model: 0x8e, stepping: 0x9)
[    0.196000] Performance Events: unsupported p6 CPU model 142 no PMU driver, software events only.
[    0.196060] Hierarchical SRCU implementation.
[    0.205134] NMI watchdog: Perf event create on CPU 0 failed with -2
[    0.208004] NMI watchdog: Perf NMI watchdog permanently disabled
[    0.212091] smp: Bringing up secondary CPUs ...
[    0.213642] smp: Brought up 1 node, 1 CPU
[    0.216006] smpboot: Max logical packages: 1
[    0.217318] smpboot: Total of 1 processors activated (5808.00 BogoMIPS)
[    0.220138] devtmpfs: initialized
[    0.221268] x86/mm: Memory block size: 128MB
[    0.222837] evm: security.selinux
[    0.224005] evm: security.SMACK64
[    0.224990] evm: security.SMACK64EXEC
[    0.225963] evm: security.SMACK64TRANSMUTE
[    0.227258] evm: security.SMACK64MMAP
[    0.228003] evm: security.apparmor
[    0.228953] evm: security.ima
[    0.229718] evm: security.capability
[    0.230804] clocksource: jiffies: mask: 0xffffffff max_cycles: 0xffffffff, max_idle_ns: 7645041785100000 ns
[    0.232026] futex hash table entries: 256 (order: 2, 16384 bytes)
[    0.233786] pinctrl core: initialized pinctrl subsystem
[    0.236111] RTC time: 15:56:00, date: 12/14/21
[    0.237216] NET: Registered protocol family 16
[    0.238862] audit: initializing netlink subsys (disabled)
[    0.240167] cpuidle: using governor ladder
[    0.241942] cpuidle: using governor menu
[    0.244020] audit: type=2000 audit(1639497366.083:1): state=initialized audit_enabled=0 res=1
[    0.247565] ACPI: bus type PCI registered
[    0.248005] acpiphp: ACPI Hot Plug PCI Controller Driver version: 0.5
[    0.249879] PCI: Using configuration type 1 for base access
[    0.254262] HugeTLB registered 2.00 MiB page size, pre-allocated 0 pages
[    0.256264] ACPI: Added _OSI(Module Device)
[    0.257627] ACPI: Added _OSI(Processor Device)
[    0.260008] ACPI: Added _OSI(3.0 _SCP Extensions)
[    0.261545] ACPI: Added _OSI(Processor Aggregator Device)
[    0.262903] ACPI: Added _OSI(Linux-Dell-Video)
[    0.264031] ACPI: Added _OSI(Linux-Lenovo-NV-HDMI-Audio)
[    0.265402] ACPI: Added _OSI(Linux-HPI-Hybrid-Graphics)
[    0.267157] ACPI: Executed 1 blocks of module-level executable AML code
[    0.277900] ACPI: Interpreter enabled
[    0.278815] ACPI: (supports S0 S5)
[    0.279698] ACPI: Using IOAPIC for interrupt routing
[    0.280349] PCI: Using host bridge windows from ACPI; if necessary, use "pci=nocrs" and report a bug
[    0.282737] ACPI: Enabled 2 GPEs in block 00 to 07
[    0.297409] ACPI: PCI Root Bridge [PCI0] (domain 0000 [bus 00-ff])
[    0.299958] acpi PNP0A03:00: _OSC: OS supports [ASPM ClockPM Segments MSI]
[    0.304142] acpi PNP0A03:00: _OSC: not requesting OS control; OS requires [ExtendedConfig ASPM ClockPM MSI]
[    0.307983] acpi PNP0A03:00: fail to add MMCONFIG information, can't access extended PCI configuration space under this bridge.
[    0.312901] PCI host bridge to bus 0000:00
[    0.314630] pci_bus 0000:00: root bus resource [io  0x0000-0x0cf7 window]
[    0.316007] pci_bus 0000:00: root bus resource [io  0x0d00-0xffff window]
[    0.320006] pci_bus 0000:00: root bus resource [mem 0x000a0000-0x000bffff window]
[    0.324007] pci_bus 0000:00: root bus resource [mem 0x10000000-0xfdffffff window]
[    0.327133] pci_bus 0000:00: root bus resource [bus 00-ff]
[    0.334986] pci 0000:00:01.1: legacy IDE quirk: reg 0x10: [io  0x01f0-0x01f7]
[    0.336006] pci 0000:00:01.1: legacy IDE quirk: reg 0x14: [io  0x03f6]
[    0.340005] pci 0000:00:01.1: legacy IDE quirk: reg 0x18: [io  0x0170-0x0177]
[    0.343221] pci 0000:00:01.1: legacy IDE quirk: reg 0x1c: [io  0x0376]
[    0.370952] pci 0000:00:07.0: quirk: [io  0x4000-0x403f] claimed by PIIX4 ACPI
[    0.372054] pci 0000:00:07.0: quirk: [io  0x4100-0x410f] claimed by PIIX4 SMB
[    0.391254] ACPI: PCI Interrupt Link [LNKA] (IRQs 5 9 10 *11)
[    0.392878] ACPI: PCI Interrupt Link [LNKB] (IRQs 5 9 *10 11)
[    0.396224] ACPI: PCI Interrupt Link [LNKC] (IRQs 5 *9 10 11)
[    0.398145] ACPI: PCI Interrupt Link [LNKD] (IRQs 5 9 10 *11)
[    0.400536] SCSI subsystem initialized
[    0.401845] pci 0000:00:02.0: vgaarb: setting as boot VGA device
[    0.403605] pci 0000:00:02.0: vgaarb: VGA device added: decodes=io+mem,owns=io+mem,locks=none
[    0.404005] pci 0000:00:02.0: vgaarb: bridge control possible
[    0.405431] vgaarb: loaded
[    0.408037] ACPI: bus type USB registered
[    0.409140] usbcore: registered new interface driver usbfs
[    0.410534] usbcore: registered new interface driver hub
[    0.412013] usbcore: registered new device driver usb
[    0.413391] EDAC MC: Ver: 3.0.0
[    0.414760] PCI: Using ACPI for IRQ routing
[    0.416398] NetLabel: Initializing
[    0.417381] NetLabel:  domain hash size = 128
[    0.418543] NetLabel:  protocols = UNLABELED CIPSOv4 CALIPSO
[    0.420031] NetLabel:  unlabeled traffic allowed by default
[    0.421575] clocksource: Switched to clocksource kvm-clock
[    0.463467] VFS: Disk quotas dquot_6.6.0
[    0.465432] VFS: Dquot-cache hash table entries: 512 (order 0, 4096 bytes)
[    0.469696] AppArmor: AppArmor Filesystem Enabled
[    0.471929] pnp: PnP ACPI init
[    0.476119] pnp: PnP ACPI: found 3 devices
[    0.490730] clocksource: acpi_pm: mask: 0xffffff max_cycles: 0xffffff, max_idle_ns: 2085701024 ns
[    0.494715] NET: Registered protocol family 2
[    0.496919] IP idents hash table entries: 4096 (order: 3, 32768 bytes)
[    0.500073] TCP established hash table entries: 2048 (order: 2, 16384 bytes)
[    0.503040] TCP bind hash table entries: 2048 (order: 3, 32768 bytes)
[    0.507655] TCP: Hash tables configured (established 2048 bind 2048)
[    0.510765] UDP hash table entries: 256 (order: 1, 8192 bytes)
[    0.513729] UDP-Lite hash table entries: 256 (order: 1, 8192 bytes)
[    0.517765] NET: Registered protocol family 1
[    0.520680] pci 0000:00:00.0: Limiting direct PCI/PCI transfers
[    0.524607] pci 0000:00:01.0: Activating ISA DMA hang workarounds
[    0.528990] pci 0000:00:02.0: Video device with shadowed ROM at [mem 0x000c0000-0x000dffff]
[    0.537254] Unpacking initramfs...
[    1.227787] Freeing initrd memory: 19524K
[    1.229782] clocksource: tsc: mask: 0xffffffffffffffff max_cycles: 0x29dc05e54fc, max_idle_ns: 440795291716 ns
[    1.234032] platform rtc_cmos: registered platform RTC device (no PNP device found)
[    1.237503] Scanning for low memory corruption every 60 seconds
[    1.240990] Initialise system trusted keyrings
[    1.243045] Key type blacklist registered
[    1.244842] workingset: timestamp_bits=36 max_order=16 bucket_order=0
[    1.256417] zbud: loaded
[    1.258734] squashfs: version 4.0 (2009/01/31) Phillip Lougher
[    1.261895] fuse init (API version 7.26)
[    1.265545] Key type asymmetric registered
[    1.267746] Asymmetric key parser 'x509' registered
[    1.270753] Block layer SCSI generic (bsg) driver version 0.4 loaded (major 246)
[    1.275222] io scheduler noop registered
[    1.277008] io scheduler deadline registered
[    1.278919] io scheduler cfq registered (default)
[    1.281381] ACPI: AC Adapter [AC] (off-line)
[    1.283308] input: Power Button as /devices/LNXSYSTM:00/LNXPWRBN:00/input/input0
[    1.286472] ACPI: Power Button [PWRF]
[    1.288232] input: Sleep Button as /devices/LNXSYSTM:00/LNXSLPBN:00/input/input1
[    1.291186] ACPI: Sleep Button [SLPF]
[    1.295282] ACPI: Battery Slot [BAT0] (battery present)
[    1.297628] Serial: 8250/16550 driver, 32 ports, IRQ sharing enabled
[    1.322943] 00:02: ttyS0 at I/O 0x3f8 (irq = 4, base_baud = 115200) is a 16550A
[    1.329590] Linux agpgart interface v0.103
[    1.333037] loop: module loaded
[    1.335210] scsi host0: ata_piix
[    1.336775] scsi host1: ata_piix
[    1.338108] ata1: PATA max UDMA/33 cmd 0x1f0 ctl 0x3f6 bmdma 0xd000 irq 14
[    1.340691] ata2: PATA max UDMA/33 cmd 0x170 ctl 0x376 bmdma 0xd008 irq 15
[    1.344297] libphy: Fixed MDIO Bus: probed
[    1.345779] tun: Universal TUN/TAP device driver, 1.6
[    1.347578] PPP generic driver version 2.4.2
[    1.349204] ehci_hcd: USB 2.0 'Enhanced' Host Controller (EHCI) Driver
[    1.351400] ehci-pci: EHCI PCI platform driver
[    1.353103] ehci-platform: EHCI generic platform driver
[    1.354976] ohci_hcd: USB 1.1 'Open' Host Controller (OHCI) Driver
[    1.357203] ohci-pci: OHCI PCI platform driver
[    1.360385] ohci-pci 0000:00:06.0: OHCI PCI host controller
[    1.362478] ohci-pci 0000:00:06.0: new USB bus registered, assigned bus number 1
[    1.366681] ohci-pci 0000:00:06.0: irq 22, io mem 0xf0804000
[    1.429770] usb usb1: New USB device found, idVendor=1d6b, idProduct=0001
[    1.433007] usb usb1: New USB device strings: Mfr=3, Product=2, SerialNumber=1
[    1.436050] usb usb1: Product: OHCI PCI host controller
[    1.438307] usb usb1: Manufacturer: Linux 4.15.0-163-generic ohci_hcd
[    1.441094] usb usb1: SerialNumber: 0000:00:06.0
[    1.443554] hub 1-0:1.0: USB hub found
[    1.445343] hub 1-0:1.0: 12 ports detected
[    1.447964] ohci-platform: OHCI generic platform driver
[    1.450674] uhci_hcd: USB Universal Host Controller Interface driver
[    1.453464] i8042: PNP: PS/2 Controller [PNP0303:PS2K,PNP0f03:PS2M] at 0x60,0x64 irq 1,12
[    1.457659] serio: i8042 KBD port at 0x60,0x64 irq 1
[    1.459924] serio: i8042 AUX port at 0x60,0x64 irq 12
[    1.462285] mousedev: PS/2 mouse device common for all mice
[    1.465170] input: AT Translated Set 2 keyboard as /devices/platform/i8042/serio0/input/input2
[    1.470710] rtc_cmos rtc_cmos: rtc core: registered rtc_cmos as rtc0
[    1.474453] rtc_cmos rtc_cmos: alarms up to one day, 114 bytes nvram
[    1.478429] i2c /dev entries driver
[    1.480802] device-mapper: uevent: version 1.0.3
[    1.483902] device-mapper: ioctl: 4.37.0-ioctl (2017-09-20) initialised: dm-devel@redhat.com
[    1.487559] ledtrig-cpu: registered to indicate activity on CPUs
[    1.490422] intel_pmc_core:  initialized
[    1.492731] NET: Registered protocol family 10
[    1.529834] Segment Routing with IPv6
[    1.531482] NET: Registered protocol family 17
[    1.533398] Key type dns_resolver registered
[    1.535423] mce: Using 0 MCE banks
[    1.537032] RAS: Correctable Errors collector initialized.
[    1.539327] sched_clock: Marking stable (1536983762, 0)->(1876579194, -339595432)
[    1.553802] registered taskstats version 1
[    1.555913] Loading compiled-in X.509 certificates
[    1.562305] Loaded X.509 cert 'Build time autogenerated kernel key: f60a4c8d126e94dbf36c5faa43fb49029eeea9a9'
[    1.567587] Loaded X.509 cert 'Canonical Ltd. Live Patch Signing: 14df34d1a87cf37625abec039ef2bf521249b969'
[    1.573691] Loaded X.509 cert 'Canonical Ltd. Kernel Module Signing: 88f752e560a1e0737e31163a466ad7b70a850c19'
[    1.579930] zswap: loaded using pool lzo/zbud
[    1.588867] Key type big_key registered
[    1.590541] Key type trusted registered
[    1.595455] Key type encrypted registered
[    1.597381] AppArmor: AppArmor sha1 policy hashing enabled
[    1.599673] ima: No TPM chip found, activating TPM-bypass! (rc=-19)
[    1.602352] ima: Allocated hash algorithm: sha1
[    1.604376] evm: HMAC attrs: 0x1
[    1.606545]   Magic number: 1:571:942
[    1.608665] rtc_cmos rtc_cmos: setting system clock to 2021-12-14 15:56:01 UTC (1639497361)
[    1.613411] BIOS EDD facility v0.16 2004-Jun-25, 0 devices found
[    1.617052] EDD information not available.
[    1.625581] Freeing unused kernel image memory: 2448K
[    1.632452] Write protecting the kernel read-only data: 20480k
[    1.634849] Freeing unused kernel image memory: 2008K
[    1.636536] Freeing unused kernel image memory: 1824K
[    1.650229] x86/mm: Checked W+X mappings: passed, no W+X pages found.
[    1.651868] x86/mm: Checking user space page tables
[    1.663977] x86/mm: Checked W+X mappings: passed, no W+X pages found.
Loading, please wait...
starting version 237
[    1.893101] Fusion MPT base driver 3.04.20
[    1.894606] Copyright (c) 1999-2008 LSI Corporation
[    1.896632] e1000: Intel(R) PRO/1000 Network Driver - version 7.3.21-k8-NAPI
[    1.898660] e1000: Copyright (c) 1999-2006 Intel Corporation.
[    1.949196] Fusion MPT SPI Host driver 3.04.20
[    2.003838] AVX2 version of gcm_enc/dec engaged.
[    2.005938] AES CTR mode by8 optimization enabled
[    2.115971] input: ImExPS/2 Generic Explorer Mouse as /devices/platform/i8042/serio1/input/input4
[    2.514450] e1000 0000:00:03.0 eth0: (PCI:33MHz:32-bit) 02:77:80:ca:b7:e6
[    2.517318] e1000 0000:00:03.0 eth0: Intel(R) PRO/1000 Network Connection
[    2.522092] mptbase: ioc0: Initiating bringup
[    2.616440] ioc0: LSI53C1030 A0: Capabilities={Initiator}
[    2.860672] scsi host2: ioc0: LSI53C1030 A0, FwRev=00000000h, Ports=1, MaxQ=256, IRQ=20
[    3.029303] scsi 2:0:0:0: Direct-Access     VBOX     HARDDISK         1.0  PQ: 0 ANSI: 5
[    3.035114] scsi target2:0:0: Beginning Domain Validation
[    3.040539] random: fast init done
[    3.044074] scsi target2:0:0: Domain Validation skipping write tests
[    3.047866] scsi target2:0:0: Ending Domain Validation
[    3.050200] scsi target2:0:0: asynchronous
[    3.053521] scsi 2:0:1:0: Direct-Access     VBOX     HARDDISK         1.0  PQ: 0 ANSI: 5
[    3.057054] scsi target2:0:1: Beginning Domain Validation
[    3.063927] scsi target2:0:1: Domain Validation skipping write tests
[    3.066743] scsi target2:0:1: Ending Domain Validation
[    3.074709] scsi target2:0:1: asynchronous
[    3.175594] sd 2:0:0:0: Attached scsi generic sg0 type 0
[    3.178480] sd 2:0:0:0: [sda] 83886080 512-byte logical blocks: (42.9 GB/40.0 GiB)
[    3.182154] sd 2:0:1:0: Attached scsi generic sg1 type 0
[    3.184988] random: systemd-udevd: uninitialized urandom read (16 bytes read)
[    3.187924] sd 2:0:1:0: [sdb] 20480 512-byte logical blocks: (10.5 MB/10.0 MiB)
[    3.191546] sd 2:0:0:0: [sda] Write Protect is off
[    3.193675] random: systemd-udevd: uninitialized urandom read (16 bytes read)
[    3.197276] sd 2:0:0:0: [sda] Incomplete mode parameter data
[    3.199686] sd 2:0:0:0: [sda] Assuming drive cache: write through
[    3.207840] random: systemd-udevd: uninitialized urandom read (16 bytes read)
[    3.210978] sd 2:0:1:0: [sdb] Write Protect is off
[    3.214921] sd 2:0:1:0: [sdb] Incomplete mode parameter data
[    3.217420] sd 2:0:1:0: [sdb] Assuming drive cache: write through
[    3.229031]  sda: sda1
[    3.231749] sd 2:0:0:0: [sda] Attached SCSI disk
[    3.275913] sd 2:0:1:0: [sdb] Attached SCSI disk
[    3.606318] e1000 0000:00:08.0 eth1: (PCI:33MHz:32-bit) 08:00:27:6d:2e:b6
[    3.609460] e1000 0000:00:08.0 eth1: Intel(R) PRO/1000 Network Connection
[    3.615076] e1000 0000:00:08.0 enp0s8: renamed from eth1
[    3.624772] e1000 0000:00:03.0 enp0s3: renamed from eth0
Begin: Loading essential drivers ... [    5.572096] raid6: sse2x1   gen()  4947 MB/s
[    5.620034] raid6: sse2x1   xor()  3628 MB/s
[    5.668028] raid6: sse2x2   gen()  6333 MB/s
[    5.716051] raid6: sse2x2   xor()  4107 MB/s
[    5.764048] raid6: sse2x4   gen()  7157 MB/s
[    5.812548] raid6: sse2x4   xor()  4338 MB/s
[    5.860060] raid6: avx2x1   gen() 10134 MB/s
[    5.908020] raid6: avx2x1   xor()  6797 MB/s
[    5.956050] raid6: avx2x2   gen() 12080 MB/s
[    6.004043] raid6: avx2x2   xor()  6258 MB/s
[    6.052040] raid6: avx2x4   gen() 19987 MB/s
[    6.100028] raid6: avx2x4   xor()  8990 MB/s
[    6.102026] raid6: using algorithm avx2x4 gen() 19987 MB/s
[    6.104474] raid6: .... xor() 8990 MB/s, rmw enabled
[    6.106619] raid6: using avx2x2 recovery algorithm
[    6.112467] xor: automatically using best checksumming function   avx       
[    6.118381] async_tx: api initialized (async)
done.
Begin: Running /scripts/init-premount ... done.
Begin: Mounting root file system ... Begin: Running /scripts/local-top ... done.
Begin: Running /scripts/local-premount ... [    6.242430] Btrfs loaded, crc32c=crc32c-intel
Scanning for Btrfs filesystems
done.
Warning: fsck not present, so skipping root file system
[    6.310969] EXT4-fs (sda1): mounted filesystem with ordered data mode. Opts: (null)
done.
Begin: Running /scripts/local-bottom ... done.
Begin: Running /scripts/init-bottom ... done.
[    6.624789] ip_tables: (C) 2000-2006 Netfilter Core Team
[    6.645821] systemd[1]: systemd 237 running in system mode. (+PAM +AUDIT +SELINUX +IMA +APPARMOR +SMACK +SYSVINIT +UTMP +LIBCRYPTSETUP +GCRYPT +GNUTLS +ACL +XZ +LZ4 +SECCOMP +BLKID +ELFUTILS +KMOD -IDN2 +IDN -PCRE2 default-hierarchy=hybrid)
[    6.654736] systemd[1]: Detected virtualization oracle.
[    6.657155] systemd[1]: Detected architecture x86-64.

Welcome to [1mUbuntu 18.04.6 LTS[0m!

[    6.667513] systemd[1]: Set hostname to <ubuntu>.
[    6.676004] systemd[1]: Initializing machine ID from random generator.
[    6.678939] systemd[1]: Installed transient /etc/machine-id file.
[    7.148749] systemd[1]: Created slice User and Session Slice.
[[0;32m  OK  [0m] Created slice User and Session Slice.
[    7.152599] systemd[1]: Reached target System Time Synchronized.
[[0;32m  OK  [0m] Reached target System Time Synchronized.
[    7.156750] systemd[1]: Created slice System Slice.
[[0;32m  OK  [0m] Created slice System Slice.
[    7.159819] systemd[1]: Listening on Journal Audit Socket.
[[0;32m  OK  [0m] Listening on Journal Audit Socket.
[[0;32m  OK  [0m] Listening on Journal Socket (/dev/log).
[[0;32m  OK  [0m] Listening on LVM2 poll daemon socket.
[[0;32m  OK  [0m] Listening on udev Kernel Socket.
[[0;32m  OK  [0m] Listening on Device-mapper event daemon FIFOs.
[[0;32m  OK  [0m] Created slice system-serial\x2dgetty.slice.
[[0;32m  OK  [0m] Listening on udev Control Socket.
[[0;32m  OK  [0m] Listening on Network Service Netlink Socket.
[[0;32m  OK  [0m] Listening on Journal Socket.
         Starting Load Kernel Modules...
         Starting Set the console keyboard layout...
         Mounting Huge Pages File System...
         Starting udev Coldplug all Devices...
[    7.232119] Loading iSCSI transport class v2.0-870.
         Starting Create list of required stâ€¦ce nodes for the current kernel...
[[0;32m  OK  [0m] Listening on /dev/initctl Compatibility Named Pipe.
[[0;32m  OK  [0m] Listening on Syslog Socket.
         Starting Journal Service...
         Mounting Kernel Debug File System...
[[0;32m  OK  [0m] Reached target Slices.
[[0;32m  OK  [0m] Listening on LVM2 metadata daemon socket.
         Starting Monitoring of LVM2 mirrorsâ€¦ng dmeventd or progress polling...
         Starting Uncomplicated firewall...
[[0;32m  OK  [0m] Started Forward Password Requests to Wall Directory Watch.
[[0;32m  OK  [0m] Reached target User and Group Name Lookups.
[[0;32m  OK  [0m] Reached target Swap.
[[0;32m  OK  [0m] Listening on fsck to fsckd communication Socket.
         Starting File System Check on Root Device...
[[0;32m  OK  [0m] Set up automount Arbitrary Executabâ€¦rmats File System Automount Point.
         Mounting POSIX Message Queue File System...
[[0;32m  OK  [0m] Mounted Huge Pages File System.
[[0;32m  OK  [0m] Started Create list of required staâ€¦vice nodes for the current kernel.
[[0;32m  OK  [0m] Mounted Kernel Debug File System.
[[0;32m  OK  [0m] Started Uncomplicated firewall.
         Starting Create Static Device Nodes in /dev...
[[0;32m  OK  [0m] Mounted POSIX Message Queue File System.
[[0;32m  OK  [0m] Started File System Check Daemon to report status.
[    7.393884] iscsi: registered transport (tcp)
[[0;32m  OK  [0m] Started Create Static Device Nodes in /dev.
[[0;32m  OK  [0m] Started LVM2 metadata daemon.
[[0;32m  OK  [0m] Started File System Check on Root Device.
         Starting Remount Root and Kernel File Systems...
[    7.592611] EXT4-fs (sda1): re-mounted. Opts: (null)
[[0;32m  OK  [0m] Started Monitoring of LVM2 mirrors,â€¦sing dmeventd or progress polling.
[[0;32m  OK  [0m] Started Remount Root and Kernel File Systems.
         Starting udev Kernel Device Manager...
         Starting Load/Save Random Seed...
[[0;32m  OK  [0m] Started udev Kernel Device Manager.
[[0;32m  OK  [0m] Started Load/Save Random Seed.
[    7.736594] iscsi: registered transport (iser)
[[0;32m  OK  [0m] Started Load Kernel Modules.
         Mounting FUSE Control File System...
         Mounting Kernel Configuration File System...
         Starting Apply Kernel Variables...
[[0;32m  OK  [0m] Mounted FUSE Control File System.
[    7.768341] random: crng init done
[    7.769837] random: 7 urandom warning(s) missed due to ratelimiting
[[0;32m  OK  [0m] Mounted Kernel Configuration File System.
[[0;32m  OK  [0m] Started Apply Kernel Variables.
[[0;32m  OK  [0m] Started udev Coldplug all Devices.
[[0;32m  OK  [0m] Started Journal Service.
         Starting Flush Journal to Persistent Storage...
[[0;32m  OK  [0m] Started Flush Journal to Persistent Storage.
[[0;32m  OK  [0m] Started Set the console keyboard layout.
[[0;32m  OK  [0m] Reached target Local File Systems (Pre).
[[0;32m  OK  [0m] Reached target Local File Systems.
         Starting Commit a transient machine-id on disk...
         Starting AppArmor initialization...
         Starting Tell Plymouth To Write Out Runtime Data...
         Starting ebtables ruleset management...
         Starting Create Volatile Files and Directories...
         Starting Set console font and keymap...
[[0;32m  OK  [0m] Started Dispatch Password Requests to Console Directory Watch.
[[0;32m  OK  [0m] Reached target Local Encrypted Volumes.
[[0;32m  OK  [0m] Started Tell Plymouth To Write Out Runtime Data.
[[0;32m  OK  [0m] Started Set console font and keymap.
[[0;32m  OK  [0m] Started Commit a transient machine-id on disk.
[[0;32m  OK  [0m] Started Create Volatile Files and Directories.
         Starting Update UTMP about System Boot/Shutdown...
[[0;32m  OK  [0m] Started Update UTMP about System Boot/Shutdown.
[[0;32m  OK  [0m] Started ebtables ruleset management.
[[0;32m  OK  [0m] Found device /dev/ttyS0.
[[0;32m  OK  [0m] Listening on Load/Save RF Kill Switch Status /dev/rfkill Watch.
[[0;32m  OK  [0m] Started AppArmor initialization.
         Starting Load AppArmor profiles managed internally by snapd...
         Starting Initial cloud-init job (pre-networking)...
[[0;32m  OK  [0m] Started Load AppArmor profiles managed internally by snapd.
[   17.337170] cloud-init[556]: Cloud-init v. 21.4-0ubuntu1~18.04.1 running 'init-local' at Tue, 14 Dec 2021 15:56:16 +0000. Up 16.47 seconds.
[[0;32m  OK  [0m] Started Initial cloud-init job (pre-networking).
[[0;32m  OK  [0m] Reached target Network (Pre).
         Starting Network Service...
[[0;32m  OK  [0m] Started Network Service.
         Starting Wait for Network to be Configured...
         Starting Network Name Resolution...
[[0;32m  OK  [0m] Started Network Name Resolution.
[[0;32m  OK  [0m] Reached target Host and Network Name Lookups.
[[0;32m  OK  [0m] Reached target Network.
[[0;32m  OK  [0m] Started Wait for Network to be Configured.
         Starting Initial cloud-init job (metadata service crawler)...
[   21.036136] cloud-init[631]: Cloud-init v. 21.4-0ubuntu1~18.04.1 running 'init' at Tue, 14 Dec 2021 15:56:20 +0000. Up 20.55 seconds.
[   21.040338] cloud-init[631]: ci-info: ++++++++++++++++++++++++++++++++++++++Net device info+++++++++++++++++++++++++++++++++++++++
[   21.042594] cloud-init[631]: ci-info: +--------+-------+----------------------------+---------------+--------+-------------------+
[   21.044707] cloud-init[631]: ci-info: | Device |   Up  |          Address           |      Mask     | Scope  |     Hw-Address    |
[   21.047242] cloud-init[631]: ci-info: +--------+-------+----------------------------+---------------+--------+-------------------+
[   21.056402] cloud-init[631]: ci-info: | enp0s3 |  True |         10.0.2.15          | 255.255.255.0 | global | 02:77:80:ca:b7:e6 |
[   21.059458] cloud-init[631]: ci-info: | enp0s3 |  True | fe80::77:80ff:feca:b7e6/64 |       .       |  link  | 02:77:80:ca:b7:e6 |
[   21.061908] cloud-init[631]: ci-info: | enp0s8 | False |             .              |       .       |   .    | 08:00:27:6d:2e:b6 |
[   21.063990] cloud-init[631]: ci-info: |   lo   |  True |         127.0.0.1          |   255.0.0.0   |  host  |         .         |
[   21.067116] cloud-init[631]: ci-info: |   lo   |  True |          ::1/128           |       .       |  host  |         .         |
[   21.068822] cloud-init[631]: ci-info: +--------+-------+----------------------------+---------------+--------+-------------------+
[   21.072184] cloud-init[631]: ci-info: ++++++++++++++++++++++++++++Route IPv4 info+++++++++++++++++++++++++++++
[   21.076235] cloud-init[631]: ci-info: +-------+-------------+----------+-----------------+-----------+-------+
[   21.077914] cloud-init[631]: ci-info: | Route | Destination | Gateway  |     Genmask     | Interface | Flags |
[   21.079594] cloud-init[631]: ci-info: +-------+-------------+----------+-----------------+-----------+-------+
[   21.092298] cloud-init[631]: ci-info: |   0   |   0.0.0.0   | 10.0.2.2 |     0.0.0.0     |   enp0s3  |   UG  |
[   21.094518] cloud-init[631]: ci-info: |   1   |   10.0.2.0  | 0.0.0.0  |  255.255.255.0  |   enp0s3  |   U   |
[   21.097139] cloud-init[631]: ci-info: |   2   |   10.0.2.2  | 0.0.0.0  | 255.255.255.255 |   enp0s3  |   UH  |
[   21.103047] cloud-init[631]: ci-info: +-------+-------------+----------+-----------------+-----------+-------+
[   21.105059] cloud-init[631]: ci-info: +++++++++++++++++++Route IPv6 info+++++++++++++++++++
[   21.107064] cloud-init[631]: ci-info: +-------+-------------+---------+-----------+-------+
[   21.108690] cloud-init[631]: ci-info: | Route | Destination | Gateway | Interface | Flags |
[   21.113832] cloud-init[631]: ci-info: +-------+-------------+---------+-----------+-------+
[   21.117757] cloud-init[631]: ci-info: |   1   |  fe80::/64  |    ::   |   enp0s3  |   U   |
[   21.120159] cloud-init[631]: ci-info: |   3   |    local    |    ::   |   enp0s3  |   U   |
[   21.132311] cloud-init[631]: ci-info: |   4   |   ff00::/8  |    ::   |   enp0s3  |   U   |
[   21.144440] cloud-init[631]: ci-info: +-------+-------------+---------+-----------+-------+
[   22.173676] cloud-init[631]: Generating public/private rsa key pair.
[   22.175247] cloud-init[631]: Your identification has been saved in /etc/ssh/ssh_host_rsa_key.
[   22.176543] cloud-init[631]: Your public key has been saved in /etc/ssh/ssh_host_rsa_key.pub.
[   22.184373] cloud-init[631]: The key fingerprint is:
[   22.196355] cloud-init[631]: SHA256:l3vCt3hrhv1O4+zlcaaqfFGTkFFQANzGeFubskPOwbc root@ubuntu-bionic
[   22.198038] cloud-init[631]: The key's randomart image is:
[   22.199165] cloud-init[631]: +---[RSA 2048]----+
[   22.204224] cloud-init[631]: |         ..=+Bo  |
[   22.205170] cloud-init[631]: |          o B .  |
[   22.205995] cloud-init[631]: |           + + + |
[   22.206898] cloud-init[631]: |           .* B  |
[   22.207639] cloud-init[631]: |        S o+ * o |
[   22.212797] cloud-init[631]: |         o .* E  |
[   22.224346] cloud-init[631]: |          +oooo.+|
[   22.236263] cloud-init[631]: |         ..=*= *o|
[   22.248307] cloud-init[631]: |          +*+*B .|
[   22.249247] cloud-init[631]: +----[SHA256]-----+
[   22.250319] cloud-init[631]: Generating public/private dsa key pair.
[   22.252174] cloud-init[631]: Your identification has been saved in /etc/ssh/ssh_host_dsa_key.
[   22.256187] cloud-init[631]: Your public key has been saved in /etc/ssh/ssh_host_dsa_key.pub.
[   22.268310] cloud-init[631]: The key fingerprint is:
[   22.269423] cloud-init[631]: SHA256:b5r6XV8nvoAySZG+CZ9B7mBkF1yGLbbWRjLXW8Hn80o root@ubuntu-bionic
[   22.272262] cloud-init[631]: The key's randomart image is:
[   22.276213] cloud-init[631]: +---[DSA 1024]----+
[   22.277156] cloud-init[631]: |       ..+o. ... |
[   22.288299] cloud-init[631]: |        B++ . o .|
[   22.300308] cloud-init[631]: |      o.=O   o o |
[   22.312403] cloud-init[631]: |     o =o.o .  ..|
[   22.313340] cloud-init[631]: |      +.S.      o|
[[0;32m  OK  [0m] Started Initial cloud-init job (metadata service crawler).
[[0;32m  OK  [0m] Reached target System Initialization.
[[0;32m  OK  [0m] Listening on Open-iSCSI iscsid Socket.
[[0;32m  OK  [0m] Started Ubuntu Advantage Timer for running repeated jobs.
[[0;32m  OK  [0m] Started Message of the Day.
[   22.329887] cloud-init[[0;32m  OK  [0m] Listening on UUID daemon activation socket.
[[0;32m  OK  [0m] Started Discard unused blocks once a week.
[[0;32m  OK  [0m] Listening on D-Bus System Message Bus Socket.
[[0;32m  OK  [0m] Listening on cloud-init hotplug hook socket.
[631]: |     . * B .  E .|
[   22.347661] cloud-init[631]: |        X + o...o|
[   22.349750] cloud-init[631]: |         B . +.o.|
[   22.350614] cloud-init[631]: |      .o+ .   +. |
[[0;32m  OK  [0m] Started Trigger to poll for Ubuntu â€¦(Only enabled on GCP LTS non-pro).
[[0;32m  OK  [0m] Started Daily Cleanup of Temporary Directories.
         Starting Socket activation for snappy daemon.
[[0;32m  OK  [0m] Listening on ACPID Listen Socket.
[   22.365947] [[0;32m  OK  [0m] Started ACPI Events Check.
[[0;32m  OK  [0m] Reached target Paths.
cloud-init[631]: +----[SHA256]-----+
         Starting LXD - unix socket.
[   22.392321] cloud-init[631]: Generating public/private ecdsa key pair.
[   22.394037] cloud-init[631]: Your identification has been saved in /etc/ssh/ssh_host_ecdsa_key.
[   22.396195] cloud-init[631]: Your public key has been saved in /etc/ssh/ssh_host_ecdsa_key.pub.
[[0;32m  OK  [0m] Started Daily apt download activities.
[[0;32m  OK  [0m] Started Daily apt upgrade and clean activities.
[   22.399307] cloud-init[631]: The key fingerprint is:
[[0;32m  OK  [0m] Reached target Timers.
[[0;32m  OK  [0m] Reached target Cloud-config availability.
[[   22.413241] cloud-init[631]: SHA256:qv9u1kGp+3TyvYx1nEQty5DWOSe9u/7OFMD+GD3jkEo root@ubuntu-bionic
[   22.417880] cloud-init[631]: The key's randomart image is:
[   22.419061] cloud-init[631]: +---[ECDSA 256]---+
[   22.419987] [0;32m  OK  [0m] Reached target Network is Online.
[[0;32m  OK  [0m] Reached target Remote File Systems (Pre).
[[0;32m  OK  [0m] Reached target Remote File Systems.
cloud-init[631]: |                 |
         Starting Availability of block devices...
[   22.431265] cloud-init[631]: |            .o o.|
[[0;32m  OK  [0m] Listening on Socket activation for snappy daemon.
[[0;32m  OK  [0m] Listening on LXD - unix socket.
[[0;32m  OK  [0m] Started Availability of block devices.
[[0;32m  OK  [0m] Reached target Sockets.
[[0;32m  OK  [0m] Reached target Basic System.
         Starting Virtualbox guest utils...
[   22.439652] cloud-init[631]: |           .+o*.+|
[   22.479143] cloud-init[631]: |          o..o=*.|
[   22.480210] cloud-init[631]: |        So E =oB |
[   22.483689]          Starting Dispatcher daemon for systemd-networkd...
[[0;32m  OK  [0m] Started Regular background program processing daemon.
cloud-init[631]: |       .. o . B.*|
         Starting LSB: Record successful boot for GRUB...
[   22.519993] cloud-init[631]: |      .  ooo...=+|
[   22.536355] cloud-init[631]: |     .  +..+ = +.|
[[0;32m  OK  [0m] Started irqbalance daemon.
[   22.544304] cloud-init[631]: |    ...=o.. o ===|
         [   22.576789] cloud-init[631]: +----[SHA256]-----+
[   22.578206] cloud-init[631]: Generating public/private ed25519 key pair.
[   22.579420] cloud-init[631]: Your identification has been saved in /etc/ssh/ssh_host_ed25519_key.Starting Permit User Sessions...
[[0;32m  OK  [0m] Started FUSE filesystem for LXC.
         Starting System Logging Service...
[[0;32m  OK  [0m] Started D-Bus System Message Bus.

[   22.612394] cloud-init[631]: Your public key has been saved in /etc/ssh/ssh_host_ed25519_key.pub.
[   22.617501] cloud-init[631]: The key fingerprint is:
[   22.623673] cloud-init[631]: SHA256:EXPW6pGEgDhG+sDOc+mJTS0d8IZEAd4TXA667fsf3xM root@ubuntu-bionic
[   22.631941] cloud-init[631]: The key's randomart image is:
[   22.642963] cloud-init[631]: +--[ED25519 256]--+
[   22.644798] cloud-init[631]: | o=Ooo..o.o.     |
[   22.648956] cloud-init[631]: |o.B.O   .=. .    |
[   22.649920] cloud-init[631]: |o= = =  .. o     |
[   22.651559] cloud-init[631]: |ooo * .  .+      |
[   22.654628] cloud-init[631]: | =.* o  S. .     |
[   22.656851] cloud-init[631]: |  O o     .E     |
[   22.660413] cloud-init[631]: | . =   .    .    |
[   22.663092] cloud-init[631]: |    .   o ..     |
[   22.672402] cloud-init[631]: |   ..... . ..    |
[   22.675077] cloud-init[631]: +----[SHA256]-----+
         Starting Pollinate to seed the pseudo random number generator...
[[0;32m  OK  [0m] Started Deferred execution scheduler.
         Starting Login Service...
         Starting LXD - container startup/shutdown...
         Starting Accounts Service...
         Starting LSB: automatic crash report generation...
         Starting Snap Daemon...
[[0;32m  OK  [0m] Started System Logging Service.
[[0;32m  OK  [0m] Started Permit User Sessions.
         Starting Hold until boot process finishes up...
         Starting Terminate Plymouth Boot Screen...
[[0;32m  OK  [0m] Started Hold until boot process finishes up.
         Starting Set console scheme...
[[0;32m  OK  [0m] Started Serial Getty on ttyS0.
[[0;32m  OK  [0m] Started Terminate Plymouth Boot Screen.
[[0;32m  OK  [0m] Started Set console scheme.
[[0;32m  OK  [0m] Started Login Service.
[[0;32m  OK  [0m] Started Unattended Upgrades Shutdown.
[[0;32m  OK  [0m] Created slice system-getty.slice.
[[0;32m  OK  [0m] Started Getty on tty1.
[[0;32m  OK  [0m] Reached target Login Prompts.
         Starting Authorization Manager...
[[0;32m  OK  [0m] Started LSB: automatic crash report generation.
[[0;32m  OK  [0m] Started LXD - container startup/shutdown.
[[0;32m  OK  [0m] Started LSB: Record successful boot for GRUB.
[[0;32m  OK  [0m] Started Authorization Manager.
[[0;32m  OK  [0m] Started Accounts Service.
[[0;32m  OK  [0m] Started Virtualbox guest utils.
[[0;32m  OK  [0m] Started Dispatcher daemon for systemd-networkd.
[[0;32m  OK  [0m] Started Snap Daemon.
         Starting Wait until snapd is fully seeded...
[[0;32m  OK  [0m] Started Pollinate to seed the pseudo random number generator.
         Starting OpenBSD Secure Shell server...
[[0;32m  OK  [0m] Started OpenBSD Secure Shell server.
[[0;32m  OK  [0m] Created slice User Slice of vagrant.
[[0;32m  OK  [0m] Started Session 1 of user vagrant.
         Starting User Manager for UID 1000...
[[0;32m  OK  [0m] Started Wait until snapd is fully seeded.
[[0;32m  OK  [0m] Reached target Multi-User System.
[[0;32m  OK  [0m] Reached target Graphical Interface.
         Starting Update UTMP about System Runlevel Changes...
         Starting Apply the settings specified in cloud-config...
[[0;32m  OK  [0m] Started User Manager for UID 1000.
[[0;32m  OK  [0m] Started Update UTMP about System Runlevel Changes.

Ubuntu 18.04.6 LTS ubuntu-bionic ttyS0

ubuntu-bionic login: [   32.588487] cloud-init[976]: Cloud-init v. 21.4-0ubuntu1~18.04.1 running 'modules:config' at Tue, 14 Dec 2021 15:56:29 +0000. Up 29.17 seconds.
ci-info: no authorized SSH keys fingerprints found for user ubuntu.
<14>Dec 14 15:56:36 cloud-init: #############################################################
<14>Dec 14 15:56:36 cloud-init: -----BEGIN SSH HOST KEY FINGERPRINTS-----
<14>Dec 14 15:56:36 cloud-init: 1024 SHA256:b5r6XV8nvoAySZG+CZ9B7mBkF1yGLbbWRjLXW8Hn80o root@ubuntu-bionic (DSA)
<14>Dec 14 15:56:36 cloud-init: 256 SHA256:qv9u1kGp+3TyvYx1nEQty5DWOSe9u/7OFMD+GD3jkEo root@ubuntu-bionic (ECDSA)
<14>Dec 14 15:56:36 cloud-init: 256 SHA256:EXPW6pGEgDhG+sDOc+mJTS0d8IZEAd4TXA667fsf3xM root@ubuntu-bionic (ED25519)
<14>Dec 14 15:56:36 cloud-init: 2048 SHA256:l3vCt3hrhv1O4+zlcaaqfFGTkFFQANzGeFubskPOwbc root@ubuntu-bionic (RSA)
<14>Dec 14 15:56:36 cloud-init: -----END SSH HOST KEY FINGERPRINTS-----
<14>Dec 14 15:56:36 cloud-init: #############################################################
-----BEGIN SSH HOST KEY KEYS-----
ecdsa-sha2-nistp256 AAAAE2VjZHNhLXNoYTItbmlzdHAyNTYAAAAIbmlzdHAyNTYAAABBBEs7T8t5wAsakQGl6OspOaB5e4/7TCaFmSZCb5JHKs8zR4BvIF5QstY8HP2xPWjZd5IORWWCzZpia/ILUS95caE= root@ubuntu-bionic
ssh-ed25519 AAAAC3NzaC1lZDI1NTE5AAAAIHKjIGKs40rz1wnwKiXDDVjFoDprNK2HRrrjMfqZkzgG root@ubuntu-bionic
ssh-rsa AAAAB3NzaC1yc2EAAAADAQABAAABAQDOxjCBDMTj06gZRN8EpVz4eDo3lz6jJXDZCGkcz0VKyRrm29Dg+OBWgAf6jw1FedEwXbBGP2fESVaOCFQu7Xu9X0zKulOQtrsNXqUvzHR2uHZV93mDCbJpBg6IlpPJalN70WU7ZP12hYUdqVkzNBq39U2wB6QaDL5K/3r+OX8d6r/ElcoBb7H7R5r0Td5eRpzyIGTdTWqf6vC/uS9nMjkb6xML3p4EOSRvd7ipySsnJJRG9WVgY/gJobh/gVtL2GTMfhEz1IHW3ruvs9hzedOJLT55z+trrj44/kwVcA3o4YibV2JA/FeUsIpUlCQN9HiWczX9AFS5apL+CSCDLuE7 root@ubuntu-bionic
-----END SSH HOST KEY KEYS-----
[   36.622635] cloud-init[1141]: Cloud-init v. 21.4-0ubuntu1~18.04.1 running 'modules:final' at Tue, 14 Dec 2021 15:56:35 +0000. Up 35.88 seconds.
[   36.628070] cloud-init[1141]: ci-info: no authorized SSH keys fingerprints found for user ubuntu.
[   36.631824] cloud-init[1141]: Cloud-init v. 21.4-0ubuntu1~18.04.1 finished at Tue, 14 Dec 2021 15:56:36 +0000. Datasource DataSourceNoCloud [seed=/dev/sdb][dsmode=net].  Up 36.58 seconds
